// Jest Snapshot v1, https://goo.gl/fbAQLP

exports[`<Grid /> renders correctly 1`] = `
<DocumentFragment>
  <div
    class="sc-bcXHqe brroDR sc-eDvSVe eytpQn"
    data-testid="undefined_table"
  >
    <div
      class="sc-bcXHqe iXvHqq sc-jSUZER hiKBRA"
      data-testid="cell_1_cell"
    >
      Cell 1
    </div>
    <div
      class="sc-bcXHqe iXvHqq sc-jSUZER hiKBRA"
      data-testid="cell_2_cell"
    >
      Cell 2
    </div>
    <div
      class="sc-bcXHqe iXvHqq sc-jSUZER hiKBRA"
      data-testid="cell_3_cell"
    >
      Cell 3
    </div>
    <div
      class="sc-bcXHqe iXvHqq sc-jSUZER hiKBRA"
      data-testid="cell_4_cell"
    >
      Cell 4
    </div>
    <div
      class="sc-bcXHqe iXvHqq sc-jSUZER hiKBRA"
      data-testid="cell_5_cell"
    >
      Cell 5
    </div>
  </div>
</DocumentFragment>
`;
