// Jest Snapshot v1, https://goo.gl/fbAQLP

exports[`<Table /> should render correctly 1`] = `
<DocumentFragment>
  <div>
    <table
      class="sc-jSFipO fIIapc"
    >
      <thead
        class="sc-gKAaef hIzSzz"
      >
        <tr
          class="sc-iCoHzw hElyiE"
        />
      </thead>
      <tbody
        class="sc-pNWRh iWbApb"
      />
    </table>
  </div>
</DocumentFragment>
`;
