// Jest Snapshot v1, https://goo.gl/fbAQLP

exports[`<Box /> renders children correctly 1`] = `
<DocumentFragment>
  <div>
    <div
      class="quill "
    >
      <div
        class="ql-toolbar ql-snow"
      >
        <span
          class="ql-formats"
        >
          <span
            class="ql-header ql-picker"
          >
            <span
              aria-controls="ql-picker-options-0"
              aria-expanded="false"
              class="ql-picker-label"
              role="button"
              tabindex="0"
            >
              <svg
                viewBox="0 0 18 18"
              >
                 
                <polygon
                  class="ql-stroke"
                  points="7 11 9 13 11 11 7 11"
                />
                 
                <polygon
                  class="ql-stroke"
                  points="7 7 9 5 11 7 7 7"
                />
                 
              </svg>
            </span>
            <span
              aria-hidden="true"
              class="ql-picker-options"
              id="ql-picker-options-0"
              tabindex="-1"
            >
              <span
                class="ql-picker-item"
                data-value="1"
                role="button"
                tabindex="0"
              />
              <span
                class="ql-picker-item"
                data-value="2"
                role="button"
                tabindex="0"
              />
              <span
                class="ql-picker-item"
                data-value="3"
                role="button"
                tabindex="0"
              />
              <span
                class="ql-picker-item ql-selected"
                role="button"
                tabindex="0"
              />
            </span>
          </span>
          <select
            class="ql-header"
            style="display: none;"
          >
            <option
              value="1"
            />
            <option
              value="2"
            />
            <option
              value="3"
            />
            <option
              selected="selected"
            />
          </select>
        </span>
        <span
          class="ql-formats"
        >
          <button
            class="ql-bold"
            type="button"
          >
            <svg
              viewBox="0 0 18 18"
            >
               
              <path
                class="ql-stroke"
                d="M5,4H9.5A2.5,2.5,0,0,1,12,6.5v0A2.5,2.5,0,0,1,9.5,9H5A0,0,0,0,1,5,9V4A0,0,0,0,1,5,4Z"
              />
               
              <path
                class="ql-stroke"
                d="M5,9h5.5A2.5,2.5,0,0,1,13,11.5v0A2.5,2.5,0,0,1,10.5,14H5a0,0,0,0,1,0,0V9A0,0,0,0,1,5,9Z"
              />
               
            </svg>
          </button>
          <button
            class="ql-italic"
            type="button"
          >
            <svg
              viewBox="0 0 18 18"
            >
               
              <line
                class="ql-stroke"
                x1="7"
                x2="13"
                y1="4"
                y2="4"
              />
               
              <line
                class="ql-stroke"
                x1="5"
                x2="11"
                y1="14"
                y2="14"
              />
               
              <line
                class="ql-stroke"
                x1="8"
                x2="10"
                y1="14"
                y2="4"
              />
               
            </svg>
          </button>
          <button
            class="ql-underline"
            type="button"
          >
            <svg
              viewBox="0 0 18 18"
            >
               
              <path
                class="ql-stroke"
                d="M5,3V9a4.012,4.012,0,0,0,4,4H9a4.012,4.012,0,0,0,4-4V3"
              />
               
              <rect
                class="ql-fill"
                height="1"
                rx="0.5"
                ry="0.5"
                width="12"
                x="3"
                y="15"
              />
               
            </svg>
          </button>
          <button
            class="ql-link"
            type="button"
          >
            <svg
              viewBox="0 0 18 18"
            >
               
              <line
                class="ql-stroke"
                x1="7"
                x2="11"
                y1="7"
                y2="11"
              />
               
              <path
                class="ql-even ql-stroke"
                d="M8.9,4.577a3.476,3.476,0,0,1,.36,4.679A3.476,3.476,0,0,1,4.577,8.9C3.185,7.5,2.035,6.4,4.217,4.217S7.5,3.185,8.9,4.577Z"
              />
               
              <path
                class="ql-even ql-stroke"
                d="M13.423,9.1a3.476,3.476,0,0,0-4.679-.36,3.476,3.476,0,0,0,.36,4.679c1.392,1.392,2.5,2.542,4.679.36S14.815,10.5,13.423,9.1Z"
              />
               
            </svg>
          </button>
        </span>
        <span
          class="ql-formats"
        >
          <button
            class="ql-list"
            type="button"
            value="ordered"
          >
            <svg
              viewBox="0 0 18 18"
            >
               
              <line
                class="ql-stroke"
                x1="7"
                x2="15"
                y1="4"
                y2="4"
              />
               
              <line
                class="ql-stroke"
                x1="7"
                x2="15"
                y1="9"
                y2="9"
              />
               
              <line
                class="ql-stroke"
                x1="7"
                x2="15"
                y1="14"
                y2="14"
              />
               
              <line
                class="ql-stroke ql-thin"
                x1="2.5"
                x2="4.5"
                y1="5.5"
                y2="5.5"
              />
               
              <path
                class="ql-fill"
                d="M3.5,6A0.5,0.5,0,0,1,3,5.5V3.085l-0.276.138A0.5,0.5,0,0,1,2.053,3c-0.124-.247-0.023-0.324.224-0.447l1-.5A0.5,0.5,0,0,1,4,2.5v3A0.5,0.5,0,0,1,3.5,6Z"
              />
               
              <path
                class="ql-stroke ql-thin"
                d="M4.5,10.5h-2c0-.234,1.85-1.076,1.85-2.234A0.959,0.959,0,0,0,2.5,8.156"
              />
               
              <path
                class="ql-stroke ql-thin"
                d="M2.5,14.846a0.959,0.959,0,0,0,1.85-.109A0.7,0.7,0,0,0,3.75,14a0.688,0.688,0,0,0,.6-0.736,0.959,0.959,0,0,0-1.85-.109"
              />
               
            </svg>
          </button>
          <button
            class="ql-list"
            type="button"
            value="bullet"
          >
            <svg
              viewBox="0 0 18 18"
            >
               
              <line
                class="ql-stroke"
                x1="6"
                x2="15"
                y1="4"
                y2="4"
              />
               
              <line
                class="ql-stroke"
                x1="6"
                x2="15"
                y1="9"
                y2="9"
              />
               
              <line
                class="ql-stroke"
                x1="6"
                x2="15"
                y1="14"
                y2="14"
              />
               
              <line
                class="ql-stroke"
                x1="3"
                x2="3"
                y1="4"
                y2="4"
              />
               
              <line
                class="ql-stroke"
                x1="3"
                x2="3"
                y1="9"
                y2="9"
              />
               
              <line
                class="ql-stroke"
                x1="3"
                x2="3"
                y1="14"
                y2="14"
              />
               
            </svg>
          </button>
        </span>
        <span
          class="ql-formats"
        >
          <button
            class="ql-clean"
            type="button"
          >
            <svg
              class=""
              viewBox="0 0 18 18"
            >
               
              <line
                class="ql-stroke"
                x1="5"
                x2="13"
                y1="3"
                y2="3"
              />
               
              <line
                class="ql-stroke"
                x1="6"
                x2="9.35"
                y1="12"
                y2="3"
              />
               
              <line
                class="ql-stroke"
                x1="11"
                x2="15"
                y1="11"
                y2="15"
              />
               
              <line
                class="ql-stroke"
                x1="15"
                x2="11"
                y1="11"
                y2="15"
              />
               
              <rect
                class="ql-fill"
                height="1"
                rx="0.5"
                ry="0.5"
                width="7"
                x="2"
                y="14"
              />
               
            </svg>
          </button>
        </span>
      </div>
      <div
        class="ql-container ql-snow"
      >
        <div
          class="ql-editor ql-blank"
          contenteditable="true"
          data-gramm="false"
        >
          <p>
            <br />
          </p>
        </div>
        <div
          class="ql-tooltip ql-hidden"
        >
          <a
            class="ql-preview"
            href="about:blank"
            rel="noopener noreferrer"
            target="_blank"
          />
          <input
            data-formula="e=mc^2"
            data-link="https://quilljs.com"
            data-video="Embed URL"
            type="text"
          />
          <a
            class="ql-action"
          />
          <a
            class="ql-remove"
          />
        </div>
      </div>
    </div>
  </div>
</DocumentFragment>
`;
