// Jest Snapshot v1, https://goo.gl/fbAQLP

exports[`<Checkbox /> renders correctly checked 1`] = `
<DocumentFragment>
  <div
    class="sc-bscPHp iWODDL sc-ibERUn"
    cursor="pointer"
    data-autoid="checkbox"
    data-checked="true"
  >
    <div
      class="sc-bscPHp cUnMdB sc-gqyZTE htFnUm"
      data-autoid="undefinedcheckbox_icon_icon"
    >
      <svg
        data-name="check"
        fill="none"
        height="24"
        stroke="currentColor"
        stroke-linecap="round"
        stroke-linejoin="round"
        stroke-width="2"
        viewBox="0 0 24 24"
        width="24"
        xmlns="http://www.w3.org/2000/svg"
      >
        <title>
          check-icon
        </title>
        <polyline
          points="20 6 9 17 4 12"
        />
      </svg>
    </div>
  </div>
</DocumentFragment>
`;

exports[`<Checkbox /> renders correctly no icon 1`] = `
<DocumentFragment>
  <div
    class="sc-bscPHp gTopfE sc-ibERUn"
    cursor="pointer"
    data-autoid="checkbox"
  />
</DocumentFragment>
`;
