// Jest Snapshot v1, https://goo.gl/fbAQLP

exports[`<Checkbox /> renders correctly checked 1`] = `
<DocumentFragment>
  <div
    class="sc-hfDuwB eRmFI sc-fBEEOr cKzJaw"
    data-checked="true"
    data-indeterminate="false"
    data-testid="checkbox"
  >
    <div
      class="sc-hfDuwB iLavm sc-jCIOXC dvpBpH"
      data-testid="box"
    >
      <svg
        data-testid="check_icon"
        fill="none"
        height="24"
        stroke="currentColor"
        stroke-linecap="round"
        stroke-linejoin="round"
        stroke-width="2"
        viewBox="0 0 24 24"
        width="24"
        xmlns="http://www.w3.org/2000/svg"
      >
        <title>
          check-icon
        </title>
        <polyline
          points="20 6 9 17 4 12"
        />
      </svg>
    </div>
  </div>
</DocumentFragment>
`;

exports[`<Checkbox /> renders correctly no icon 1`] = `
<DocumentFragment>
  <div
    class="sc-hfDuwB kJcpLX sc-fBEEOr cKzJaw"
    data-checked="false"
    data-indeterminate="false"
    data-testid="checkbox"
  />
</DocumentFragment>
`;
