// Jest Snapshot v1, https://goo.gl/fbAQLP

exports[`<Icon /> renders correctly 1`] = `
<DocumentFragment>
  <div
    class="sc-gsnTZi cXXFdo sc-dkzDqf bQHrml"
    data-autoid="github_icon"
  >
    <svg
      data-name="fallback-icon"
      fill="none"
      height="24"
      stroke="currentColor"
      stroke-linecap="round"
      stroke-linejoin="round"
      stroke-width="2"
      viewBox="0 0 24 24"
      width="24"
      xmlns="http://www.w3.org/2000/svg"
    >
      <circle
        cx="12"
        cy="12"
        r="10"
      />
      <path
        d="M9.09 9a3 3 0 0 1 5.83 1c0 2-3 3-3 3"
      />
      <line
        x1="12"
        x2="12.01"
        y1="17"
        y2="17"
      />
    </svg>
  </div>
</DocumentFragment>
`;
