// Jest Snapshot v1, https://goo.gl/fbAQLP

exports[`<Table /> should render correctly 1`] = `
<Component>
  <Table
    columns={Array []}
    data={Array []}
  >
    <styled.table
      className=""
      role="table"
    >
      <table
        className="sc-jSMfEi egMCEo"
        role="table"
      >
        <styled.thead>
          <thead
            className="sc-gKXOVf dgdQVN"
          />
        </styled.thead>
        <styled.tbody
          role="rowgroup"
        >
          <tbody
            className="sc-papXJ gvDnXh"
            role="rowgroup"
          />
        </styled.tbody>
      </table>
    </styled.table>
  </Table>
</Component>
`;
